-------------------

Error occured on Tuesday, January 21, 2025 at 00:19:10.

Y:\Stage\Client\ZaraRadio\ZaraRadio.exe caused an Access Violation at location 007a7429 in module Y:\Stage\Client\ZaraRadio\ZaraRadio.exe Reading from location 00000028.

Registers:
eax=00000000 ebx=00000000 ecx=02d47820 edx=00000000 esi=00000000 edi=00000000
eip=007a7429 esp=00bdec60 ebp=00bdec78 iopl=0         nv up ei pl nz na po nc
cs=0023  ss=002b  ds=002b  es=002b  fs=0053  gs=002b             efl=00010206

Call stack:
007A7429  Y:\Stage\Client\ZaraRadio\ZaraRadio.exe:007A7429
0055D0B1  Y:\Stage\Client\ZaraRadio\ZaraRadio.exe:0055D0B1
0071B658  Y:\Stage\Client\ZaraRadio\ZaraRadio.exe:0071B658
00737908  Y:\Stage\Client\ZaraRadio\ZaraRadio.exe:00737908
00736718  Y:\Stage\Client\ZaraRadio\ZaraRadio.exe:00736718
00737AF9  Y:\Stage\Client\ZaraRadio\ZaraRadio.exe:00737AF9
005FBAC1  Y:\Stage\Client\ZaraRadio\ZaraRadio.exe:005FBAC1
006490EB  Y:\Stage\Client\ZaraRadio\ZaraRadio.exe:006490EB
0071B658  Y:\Stage\Client\ZaraRadio\ZaraRadio.exe:0071B658
00737908  Y:\Stage\Client\ZaraRadio\ZaraRadio.exe:00737908
00736718  Y:\Stage\Client\ZaraRadio\ZaraRadio.exe:00736718
00737AF9  Y:\Stage\Client\ZaraRadio\ZaraRadio.exe:00737AF9
005D6FF1  Y:\Stage\Client\ZaraRadio\ZaraRadio.exe:005D6FF1
005D622D  Y:\Stage\Client\ZaraRadio\ZaraRadio.exe:005D622D
00682629  Y:\Stage\Client\ZaraRadio\ZaraRadio.exe:00682629
004BE0DF  Y:\Stage\Client\ZaraRadio\ZaraRadio.exe:004BE0DF
005D5052  Y:\Stage\Client\ZaraRadio\ZaraRadio.exe:005D5052
772B7463  C:\WINDOWS\System32\USER32.dll:772B7463  Ordinal2713
772A5B2D  C:\WINDOWS\System32\USER32.dll:772A5B2D  MsgWaitForMultipleObjectsEx
772A55D0  C:\WINDOWS\System32\USER32.dll:772A55D0  MsgWaitForMultipleObjectsEx
772B1E59  C:\WINDOWS\System32\USER32.dll:772B1E59  SystemParametersInfoW
77C2BB66  C:\WINDOWS\SYSTEM32\ntdll.dll:77C2BB66  KiUserCallbackDispatcher
77328EF7  C:\WINDOWS\System32\USER32.dll:77328EF7  Ordinal2523
77329B1E  C:\WINDOWS\System32\USER32.dll:77329B1E  CreateWindowExA
005D47FD  Y:\Stage\Client\ZaraRadio\ZaraRadio.exe:005D47FD
005D67A3  Y:\Stage\Client\ZaraRadio\ZaraRadio.exe:005D67A3
00682629  Y:\Stage\Client\ZaraRadio\ZaraRadio.exe:00682629
005D5052  Y:\Stage\Client\ZaraRadio\ZaraRadio.exe:005D5052
772B7463  C:\WINDOWS\System32\USER32.dll:772B7463  Ordinal2713
772A5B2D  C:\WINDOWS\System32\USER32.dll:772A5B2D  MsgWaitForMultipleObjectsEx
772A55D0  C:\WINDOWS\System32\USER32.dll:772A55D0  MsgWaitForMultipleObjectsEx
772B1E59  C:\WINDOWS\System32\USER32.dll:772B1E59  SystemParametersInfoW
77C2BB66  C:\WINDOWS\SYSTEM32\ntdll.dll:77C2BB66  KiUserCallbackDispatcher
007D3AF6  Y:\Stage\Client\ZaraRadio\ZaraRadio.exe:007D3AF6
006B88CD  Y:\Stage\Client\ZaraRadio\ZaraRadio.exe:006B88CD
006B8615  Y:\Stage\Client\ZaraRadio\ZaraRadio.exe:006B8615
0066F310  Y:\Stage\Client\ZaraRadio\ZaraRadio.exe:0066F310
0066F48A  Y:\Stage\Client\ZaraRadio\ZaraRadio.exe:0066F48A
00791202  Y:\Stage\Client\ZaraRadio\ZaraRadio.exe:00791202
00772758  Y:\Stage\Client\ZaraRadio\ZaraRadio.exe:00772758
00679C32  Y:\Stage\Client\ZaraRadio\ZaraRadio.exe:00679C32
004A0E36  Y:\Stage\Client\ZaraRadio\ZaraRadio.exe:004A0E36
007D272A  Y:\Stage\Client\ZaraRadio\ZaraRadio.exe:007D272A
004011E7  Y:\Stage\Client\ZaraRadio\ZaraRadio.exe:004011E7
00401258  Y:\Stage\Client\ZaraRadio\ZaraRadio.exe:00401258
76A45D49  C:\WINDOWS\System32\KERNEL32.DLL:76A45D49  BaseThreadInitThunk
77C1CEBB  C:\WINDOWS\SYSTEM32\ntdll.dll:77C1CEBB  RtlInitializeExceptionChain
77C1CE41  C:\WINDOWS\SYSTEM32\ntdll.dll:77C1CE41  RtlGetAppContainerNamedObjectPath


-------------------

Error occured on Tuesday, March 25, 2025 at 17:34:42.

C:\zara_automation\Production\Stage\Client\ZaraRadio\ZaraRadio.exe caused a Breakpoint at location 771a7132 in module C:\WINDOWS\System32\KERNELBASE.dll.

Registers:
eax=00000001 ebx=00000204 ecx=9ff36059 edx=00000000 esi=00000000 edi=ffffffff
eip=771a7132 esp=00bdfa0c ebp=00bdfa18 iopl=0         nv up ei pl nz na pe nc
cs=0023  ss=002b  ds=002b  es=002b  fs=0053  gs=002b             efl=00200202

Call stack:
771A7132  C:\WINDOWS\System32\KERNELBASE.dll:771A7132  DebugBreak
004A73FA  C:\zara_automation\Production\Stage\Client\ZaraRadio\ZaraRadio.exe:004A73FA
0071BDB5  C:\zara_automation\Production\Stage\Client\ZaraRadio\ZaraRadio.exe:0071BDB5
0071BD2A  C:\zara_automation\Production\Stage\Client\ZaraRadio\ZaraRadio.exe:0071BD2A
004084A9  C:\zara_automation\Production\Stage\Client\ZaraRadio\ZaraRadio.exe:004084A9
004A5A7B  C:\zara_automation\Production\Stage\Client\ZaraRadio\ZaraRadio.exe:004A5A7B
007E7B11  C:\zara_automation\Production\Stage\Client\ZaraRadio\ZaraRadio.exe:007E7B11
007911BD  C:\zara_automation\Production\Stage\Client\ZaraRadio\ZaraRadio.exe:007911BD
00772758  C:\zara_automation\Production\Stage\Client\ZaraRadio\ZaraRadio.exe:00772758
00679C32  C:\zara_automation\Production\Stage\Client\ZaraRadio\ZaraRadio.exe:00679C32
004A0E36  C:\zara_automation\Production\Stage\Client\ZaraRadio\ZaraRadio.exe:004A0E36
007D272A  C:\zara_automation\Production\Stage\Client\ZaraRadio\ZaraRadio.exe:007D272A
004011E7  C:\zara_automation\Production\Stage\Client\ZaraRadio\ZaraRadio.exe:004011E7
00401258  C:\zara_automation\Production\Stage\Client\ZaraRadio\ZaraRadio.exe:00401258
75D55D49  C:\WINDOWS\System32\KERNEL32.DLL:75D55D49  BaseThreadInitThunk
7771CE3B  C:\WINDOWS\SYSTEM32\ntdll.dll:7771CE3B  RtlInitializeExceptionChain
7771CDC1  C:\WINDOWS\SYSTEM32\ntdll.dll:7771CDC1  RtlGetAppContainerNamedObjectPath


-------------------

Error occured on Tuesday, March 25, 2025 at 17:37:06.

C:\zara_automation\Production\Stage\Client\ZaraRadio\ZaraRadio.exe caused a Breakpoint at location 771a7132 in module C:\WINDOWS\System32\KERNELBASE.dll.

Registers:
eax=00000001 ebx=00000204 ecx=5d7d3c08 edx=00000000 esi=00000000 edi=ffffffff
eip=771a7132 esp=00bdfa0c ebp=00bdfa18 iopl=0         nv up ei pl nz na pe nc
cs=0023  ss=002b  ds=002b  es=002b  fs=0053  gs=002b             efl=00200202

Call stack:
771A7132  C:\WINDOWS\System32\KERNELBASE.dll:771A7132  DebugBreak
004A73FA  C:\zara_automation\Production\Stage\Client\ZaraRadio\ZaraRadio.exe:004A73FA
0071BDB5  C:\zara_automation\Production\Stage\Client\ZaraRadio\ZaraRadio.exe:0071BDB5
0071BD2A  C:\zara_automation\Production\Stage\Client\ZaraRadio\ZaraRadio.exe:0071BD2A
004084A9  C:\zara_automation\Production\Stage\Client\ZaraRadio\ZaraRadio.exe:004084A9
004A5A7B  C:\zara_automation\Production\Stage\Client\ZaraRadio\ZaraRadio.exe:004A5A7B
007E7B11  C:\zara_automation\Production\Stage\Client\ZaraRadio\ZaraRadio.exe:007E7B11
007911BD  C:\zara_automation\Production\Stage\Client\ZaraRadio\ZaraRadio.exe:007911BD
00772758  C:\zara_automation\Production\Stage\Client\ZaraRadio\ZaraRadio.exe:00772758
00679C32  C:\zara_automation\Production\Stage\Client\ZaraRadio\ZaraRadio.exe:00679C32
004A0E36  C:\zara_automation\Production\Stage\Client\ZaraRadio\ZaraRadio.exe:004A0E36
007D272A  C:\zara_automation\Production\Stage\Client\ZaraRadio\ZaraRadio.exe:007D272A
004011E7  C:\zara_automation\Production\Stage\Client\ZaraRadio\ZaraRadio.exe:004011E7
00401258  C:\zara_automation\Production\Stage\Client\ZaraRadio\ZaraRadio.exe:00401258
75D55D49  C:\WINDOWS\System32\KERNEL32.DLL:75D55D49  BaseThreadInitThunk
7771CE3B  C:\WINDOWS\SYSTEM32\ntdll.dll:7771CE3B  RtlInitializeExceptionChain
7771CDC1  C:\WINDOWS\SYSTEM32\ntdll.dll:7771CDC1  RtlGetAppContainerNamedObjectPath


-------------------

Error occured on Tuesday, March 25, 2025 at 19:58:18.

C:\zara_automation\Production\Stage\Client_v1.1.0\ZaraRadio\ZaraRadio.exe caused a Breakpoint at location 771a7132 in module C:\WINDOWS\System32\KERNELBASE.dll.

Registers:
eax=00000001 ebx=00000204 ecx=023fde16 edx=00000000 esi=00000000 edi=ffffffff
eip=771a7132 esp=00bdfa0c ebp=00bdfa18 iopl=0         nv up ei pl nz na pe nc
cs=0023  ss=002b  ds=002b  es=002b  fs=0053  gs=002b             efl=00200202

Call stack:
771A7132  C:\WINDOWS\System32\KERNELBASE.dll:771A7132  DebugBreak
004A73FA  C:\zara_automation\Production\Stage\Client_v1.1.0\ZaraRadio\ZaraRadio.exe:004A73FA
0071BDB5  C:\zara_automation\Production\Stage\Client_v1.1.0\ZaraRadio\ZaraRadio.exe:0071BDB5
0071BD2A  C:\zara_automation\Production\Stage\Client_v1.1.0\ZaraRadio\ZaraRadio.exe:0071BD2A
004084A9  C:\zara_automation\Production\Stage\Client_v1.1.0\ZaraRadio\ZaraRadio.exe:004084A9
004A5A7B  C:\zara_automation\Production\Stage\Client_v1.1.0\ZaraRadio\ZaraRadio.exe:004A5A7B
007E7B11  C:\zara_automation\Production\Stage\Client_v1.1.0\ZaraRadio\ZaraRadio.exe:007E7B11
007911BD  C:\zara_automation\Production\Stage\Client_v1.1.0\ZaraRadio\ZaraRadio.exe:007911BD
00772758  C:\zara_automation\Production\Stage\Client_v1.1.0\ZaraRadio\ZaraRadio.exe:00772758
00679C32  C:\zara_automation\Production\Stage\Client_v1.1.0\ZaraRadio\ZaraRadio.exe:00679C32
004A0E36  C:\zara_automation\Production\Stage\Client_v1.1.0\ZaraRadio\ZaraRadio.exe:004A0E36
007D272A  C:\zara_automation\Production\Stage\Client_v1.1.0\ZaraRadio\ZaraRadio.exe:007D272A
004011E7  C:\zara_automation\Production\Stage\Client_v1.1.0\ZaraRadio\ZaraRadio.exe:004011E7
00401258  C:\zara_automation\Production\Stage\Client_v1.1.0\ZaraRadio\ZaraRadio.exe:00401258
75D55D49  C:\WINDOWS\System32\KERNEL32.DLL:75D55D49  BaseThreadInitThunk
7771CE3B  C:\WINDOWS\SYSTEM32\ntdll.dll:7771CE3B  RtlInitializeExceptionChain
7771CDC1  C:\WINDOWS\SYSTEM32\ntdll.dll:7771CDC1  RtlGetAppContainerNamedObjectPath


